MPLINK 4.42, Linker
Linker Map File - Created Mon Nov 12 12:49:55 2018

                                 Section Info
                  Section       Type    Address   Location Size(Bytes)
                ---------  ---------  ---------  ---------  ---------
                   .org_0       code   0x000000    program   0x000000
                   .org_1       code   0x000000    program   0x000068



                              Program Memory Usage 
                               Start         End      
                           ---------   ---------      
                            0x000000    0x000033      
            52 out of 8455 program addresses used, program memory utilization is 0%



                              Symbols - Sorted by Name
                     Name    Address   Location    Storage File                     
                ---------  ---------  ---------  --------- ---------                
                   BOUNCE   0x000022    program     static C:\Users\Altgtrmc10\Desktop\Proyectos\P7\P7.asm
                    BUCLE   0x00000b    program     static C:\Users\Altgtrmc10\Desktop\Proyectos\P7\P7.asm
                  DISPLAY   0x00002a    program     static C:\Users\Altgtrmc10\Desktop\Proyectos\P7\P7.asm
                   ESPERA   0x000018    program     static C:\Users\Altgtrmc10\Desktop\Proyectos\P7\P7.asm
                   INICIO   0x000001    program     static C:\Users\Altgtrmc10\Desktop\Proyectos\P7\P7.asm
                   REBOTE   0x00001c    program     static C:\Users\Altgtrmc10\Desktop\Proyectos\P7\P7.asm
                     SUMA   0x000012    program     static C:\Users\Altgtrmc10\Desktop\Proyectos\P7\P7.asm
                    TABLA   0x000029    program     static C:\Users\Altgtrmc10\Desktop\Proyectos\P7\P7.asm



                              Symbols - Sorted by Address
                     Name    Address   Location    Storage File                     
                ---------  ---------  ---------  --------- ---------                
                   INICIO   0x000001    program     static C:\Users\Altgtrmc10\Desktop\Proyectos\P7\P7.asm
                    BUCLE   0x00000b    program     static C:\Users\Altgtrmc10\Desktop\Proyectos\P7\P7.asm
                     SUMA   0x000012    program     static C:\Users\Altgtrmc10\Desktop\Proyectos\P7\P7.asm
                   ESPERA   0x000018    program     static C:\Users\Altgtrmc10\Desktop\Proyectos\P7\P7.asm
                   REBOTE   0x00001c    program     static C:\Users\Altgtrmc10\Desktop\Proyectos\P7\P7.asm
                   BOUNCE   0x000022    program     static C:\Users\Altgtrmc10\Desktop\Proyectos\P7\P7.asm
                    TABLA   0x000029    program     static C:\Users\Altgtrmc10\Desktop\Proyectos\P7\P7.asm
                  DISPLAY   0x00002a    program     static C:\Users\Altgtrmc10\Desktop\Proyectos\P7\P7.asm


