MPLINK 4.42, Linker
Linker Map File - Created Mon Nov 12 12:53:14 2018

                                 Section Info
                  Section       Type    Address   Location Size(Bytes)
                ---------  ---------  ---------  ---------  ---------
                   .org_0       code   0x000000    program   0x000000
                   .org_1       code   0x000000    program   0x0000f6



                              Program Memory Usage 
                               Start         End      
                           ---------   ---------      
                            0x000000    0x00007a      
            123 out of 8455 program addresses used, program memory utilization is 1%



                              Symbols - Sorted by Name
                     Name    Address   Location    Storage File                     
                ---------  ---------  ---------  --------- ---------                
                    BUCLE   0x000008    program     static C:\Users\Altgtrmc10\Desktop\Proyectos\P4\P4.asm
                  CATORCE   0x00006a    program     static C:\Users\Altgtrmc10\Desktop\Proyectos\P4\P4.asm
                     CERO   0x000008    program     static C:\Users\Altgtrmc10\Desktop\Proyectos\P4\P4.asm
                    CINCO   0x00002b    program     static C:\Users\Altgtrmc10\Desktop\Proyectos\P4\P4.asm
                   CUATRO   0x000024    program     static C:\Users\Altgtrmc10\Desktop\Proyectos\P4\P4.asm
                     DIEZ   0x00004e    program     static C:\Users\Altgtrmc10\Desktop\Proyectos\P4\P4.asm
                     DOCE   0x00005c    program     static C:\Users\Altgtrmc10\Desktop\Proyectos\P4\P4.asm
                      DOS   0x000016    program     static C:\Users\Altgtrmc10\Desktop\Proyectos\P4\P4.asm
                   INICIO   0x000001    program     static C:\Users\Altgtrmc10\Desktop\Proyectos\P4\P4.asm
                    NUEVE   0x000047    program     static C:\Users\Altgtrmc10\Desktop\Proyectos\P4\P4.asm
                     OCHO   0x000040    program     static C:\Users\Altgtrmc10\Desktop\Proyectos\P4\P4.asm
                     ONCE   0x000055    program     static C:\Users\Altgtrmc10\Desktop\Proyectos\P4\P4.asm
                    OTROS   0x000078    program     static C:\Users\Altgtrmc10\Desktop\Proyectos\P4\P4.asm
                   QUINCE   0x000071    program     static C:\Users\Altgtrmc10\Desktop\Proyectos\P4\P4.asm
                     SEIS   0x000032    program     static C:\Users\Altgtrmc10\Desktop\Proyectos\P4\P4.asm
                    SIETE   0x000039    program     static C:\Users\Altgtrmc10\Desktop\Proyectos\P4\P4.asm
                    TRECE   0x000063    program     static C:\Users\Altgtrmc10\Desktop\Proyectos\P4\P4.asm
                     TRES   0x00001d    program     static C:\Users\Altgtrmc10\Desktop\Proyectos\P4\P4.asm
                      UNO   0x00000f    program     static C:\Users\Altgtrmc10\Desktop\Proyectos\P4\P4.asm



                              Symbols - Sorted by Address
                     Name    Address   Location    Storage File                     
                ---------  ---------  ---------  --------- ---------                
                   INICIO   0x000001    program     static C:\Users\Altgtrmc10\Desktop\Proyectos\P4\P4.asm
                    BUCLE   0x000008    program     static C:\Users\Altgtrmc10\Desktop\Proyectos\P4\P4.asm
                     CERO   0x000008    program     static C:\Users\Altgtrmc10\Desktop\Proyectos\P4\P4.asm
                      UNO   0x00000f    program     static C:\Users\Altgtrmc10\Desktop\Proyectos\P4\P4.asm
                      DOS   0x000016    program     static C:\Users\Altgtrmc10\Desktop\Proyectos\P4\P4.asm
                     TRES   0x00001d    program     static C:\Users\Altgtrmc10\Desktop\Proyectos\P4\P4.asm
                   CUATRO   0x000024    program     static C:\Users\Altgtrmc10\Desktop\Proyectos\P4\P4.asm
                    CINCO   0x00002b    program     static C:\Users\Altgtrmc10\Desktop\Proyectos\P4\P4.asm
                     SEIS   0x000032    program     static C:\Users\Altgtrmc10\Desktop\Proyectos\P4\P4.asm
                    SIETE   0x000039    program     static C:\Users\Altgtrmc10\Desktop\Proyectos\P4\P4.asm
                     OCHO   0x000040    program     static C:\Users\Altgtrmc10\Desktop\Proyectos\P4\P4.asm
                    NUEVE   0x000047    program     static C:\Users\Altgtrmc10\Desktop\Proyectos\P4\P4.asm
                     DIEZ   0x00004e    program     static C:\Users\Altgtrmc10\Desktop\Proyectos\P4\P4.asm
                     ONCE   0x000055    program     static C:\Users\Altgtrmc10\Desktop\Proyectos\P4\P4.asm
                     DOCE   0x00005c    program     static C:\Users\Altgtrmc10\Desktop\Proyectos\P4\P4.asm
                    TRECE   0x000063    program     static C:\Users\Altgtrmc10\Desktop\Proyectos\P4\P4.asm
                  CATORCE   0x00006a    program     static C:\Users\Altgtrmc10\Desktop\Proyectos\P4\P4.asm
                   QUINCE   0x000071    program     static C:\Users\Altgtrmc10\Desktop\Proyectos\P4\P4.asm
                    OTROS   0x000078    program     static C:\Users\Altgtrmc10\Desktop\Proyectos\P4\P4.asm


