MPLINK 4.42, Linker
Linker Map File - Created Tue Dec 04 16:27:48 2018

                                 Section Info
                  Section       Type    Address   Location Size(Bytes)
                ---------  ---------  ---------  ---------  ---------
                   .org_0       code   0x000000    program   0x000000
                   .org_1       code   0x000000    program   0x0000d8



                              Program Memory Usage 
                               Start         End      
                           ---------   ---------      
                            0x000000    0x00006b      
            108 out of 8455 program addresses used, program memory utilization is 1%



                              Symbols - Sorted by Name
                     Name    Address   Location    Storage File                     
                ---------  ---------  ---------  --------- ---------                
                    BUCLE   0x000019    program     static C:\Users\Altgtrmc10\Desktop\Proyectos\PF - ASM\Brazo\Brazo.asm
                    DELAY   0x000062    program     static C:\Users\Altgtrmc10\Desktop\Proyectos\PF - ASM\Brazo\Brazo.asm
                      DL1   0x000064    program     static C:\Users\Altgtrmc10\Desktop\Proyectos\PF - ASM\Brazo\Brazo.asm
                      DL2   0x000065    program     static C:\Users\Altgtrmc10\Desktop\Proyectos\PF - ASM\Brazo\Brazo.asm
                   INICIO   0x000001    program     static C:\Users\Altgtrmc10\Desktop\Proyectos\PF - ASM\Brazo\Brazo.asm
                       M1   0x00000a    program     static C:\Users\Altgtrmc10\Desktop\Proyectos\PF - ASM\Brazo\Brazo.asm
                       M2   0x00000f    program     static C:\Users\Altgtrmc10\Desktop\Proyectos\PF - ASM\Brazo\Brazo.asm
                       M3   0x000014    program     static C:\Users\Altgtrmc10\Desktop\Proyectos\PF - ASM\Brazo\Brazo.asm
                   MOTOR1   0x000019    program     static C:\Users\Altgtrmc10\Desktop\Proyectos\PF - ASM\Brazo\Brazo.asm
                   MOTOR2   0x00001d    program     static C:\Users\Altgtrmc10\Desktop\Proyectos\PF - ASM\Brazo\Brazo.asm
                   MOTOR3   0x000021    program     static C:\Users\Altgtrmc10\Desktop\Proyectos\PF - ASM\Brazo\Brazo.asm
                  S_CCW_1   0x000030    program     static C:\Users\Altgtrmc10\Desktop\Proyectos\PF - ASM\Brazo\Brazo.asm
                  S_CCW_2   0x000044    program     static C:\Users\Altgtrmc10\Desktop\Proyectos\PF - ASM\Brazo\Brazo.asm
                  S_CCW_3   0x000058    program     static C:\Users\Altgtrmc10\Desktop\Proyectos\PF - ASM\Brazo\Brazo.asm
                   S_CW_1   0x000026    program     static C:\Users\Altgtrmc10\Desktop\Proyectos\PF - ASM\Brazo\Brazo.asm
                   S_CW_2   0x00003a    program     static C:\Users\Altgtrmc10\Desktop\Proyectos\PF - ASM\Brazo\Brazo.asm
                   S_CW_3   0x00004e    program     static C:\Users\Altgtrmc10\Desktop\Proyectos\PF - ASM\Brazo\Brazo.asm



                              Symbols - Sorted by Address
                     Name    Address   Location    Storage File                     
                ---------  ---------  ---------  --------- ---------                
                   INICIO   0x000001    program     static C:\Users\Altgtrmc10\Desktop\Proyectos\PF - ASM\Brazo\Brazo.asm
                       M1   0x00000a    program     static C:\Users\Altgtrmc10\Desktop\Proyectos\PF - ASM\Brazo\Brazo.asm
                       M2   0x00000f    program     static C:\Users\Altgtrmc10\Desktop\Proyectos\PF - ASM\Brazo\Brazo.asm
                       M3   0x000014    program     static C:\Users\Altgtrmc10\Desktop\Proyectos\PF - ASM\Brazo\Brazo.asm
                   MOTOR1   0x000019    program     static C:\Users\Altgtrmc10\Desktop\Proyectos\PF - ASM\Brazo\Brazo.asm
                    BUCLE   0x000019    program     static C:\Users\Altgtrmc10\Desktop\Proyectos\PF - ASM\Brazo\Brazo.asm
                   MOTOR2   0x00001d    program     static C:\Users\Altgtrmc10\Desktop\Proyectos\PF - ASM\Brazo\Brazo.asm
                   MOTOR3   0x000021    program     static C:\Users\Altgtrmc10\Desktop\Proyectos\PF - ASM\Brazo\Brazo.asm
                   S_CW_1   0x000026    program     static C:\Users\Altgtrmc10\Desktop\Proyectos\PF - ASM\Brazo\Brazo.asm
                  S_CCW_1   0x000030    program     static C:\Users\Altgtrmc10\Desktop\Proyectos\PF - ASM\Brazo\Brazo.asm
                   S_CW_2   0x00003a    program     static C:\Users\Altgtrmc10\Desktop\Proyectos\PF - ASM\Brazo\Brazo.asm
                  S_CCW_2   0x000044    program     static C:\Users\Altgtrmc10\Desktop\Proyectos\PF - ASM\Brazo\Brazo.asm
                   S_CW_3   0x00004e    program     static C:\Users\Altgtrmc10\Desktop\Proyectos\PF - ASM\Brazo\Brazo.asm
                  S_CCW_3   0x000058    program     static C:\Users\Altgtrmc10\Desktop\Proyectos\PF - ASM\Brazo\Brazo.asm
                    DELAY   0x000062    program     static C:\Users\Altgtrmc10\Desktop\Proyectos\PF - ASM\Brazo\Brazo.asm
                      DL1   0x000064    program     static C:\Users\Altgtrmc10\Desktop\Proyectos\PF - ASM\Brazo\Brazo.asm
                      DL2   0x000065    program     static C:\Users\Altgtrmc10\Desktop\Proyectos\PF - ASM\Brazo\Brazo.asm


