MPLINK 4.42, Linker
Linker Map File - Created Tue Dec 04 17:55:47 2018

                                 Section Info
                  Section       Type    Address   Location Size(Bytes)
                ---------  ---------  ---------  ---------  ---------
                   .org_0       code   0x000000    program   0x000000
                   .org_1       code   0x000000    program   0x000070



                              Program Memory Usage 
                               Start         End      
                           ---------   ---------      
                            0x000000    0x000037      
            56 out of 8455 program addresses used, program memory utilization is 0%



                              Symbols - Sorted by Name
                     Name    Address   Location    Storage File                     
                ---------  ---------  ---------  --------- ---------                
                     CONT   0x000031    program     static C:\Users\Altgtrmc10\Desktop\Proyectos\P8 - ASM\P8.asm
                   INICIO   0x000001    program     static C:\Users\Altgtrmc10\Desktop\Proyectos\P8 - ASM\P8.asm
                     LEER   0x000009    program     static C:\Users\Altgtrmc10\Desktop\Proyectos\P8 - ASM\P8.asm
                     LEFT   0x00000f    program     static C:\Users\Altgtrmc10\Desktop\Proyectos\P8 - ASM\P8.asm
                    RIGHT   0x00001d    program     static C:\Users\Altgtrmc10\Desktop\Proyectos\P8 - ASM\P8.asm
                      S_1   0x000011    program     static C:\Users\Altgtrmc10\Desktop\Proyectos\P8 - ASM\P8.asm
                      S_2   0x00001f    program     static C:\Users\Altgtrmc10\Desktop\Proyectos\P8 - ASM\P8.asm
                     TIME   0x00002b    program     static C:\Users\Altgtrmc10\Desktop\Proyectos\P8 - ASM\P8.asm
                        X   0x000017    program     static C:\Users\Altgtrmc10\Desktop\Proyectos\P8 - ASM\P8.asm
                        Y   0x000025    program     static C:\Users\Altgtrmc10\Desktop\Proyectos\P8 - ASM\P8.asm



                              Symbols - Sorted by Address
                     Name    Address   Location    Storage File                     
                ---------  ---------  ---------  --------- ---------                
                   INICIO   0x000001    program     static C:\Users\Altgtrmc10\Desktop\Proyectos\P8 - ASM\P8.asm
                     LEER   0x000009    program     static C:\Users\Altgtrmc10\Desktop\Proyectos\P8 - ASM\P8.asm
                     LEFT   0x00000f    program     static C:\Users\Altgtrmc10\Desktop\Proyectos\P8 - ASM\P8.asm
                      S_1   0x000011    program     static C:\Users\Altgtrmc10\Desktop\Proyectos\P8 - ASM\P8.asm
                        X   0x000017    program     static C:\Users\Altgtrmc10\Desktop\Proyectos\P8 - ASM\P8.asm
                    RIGHT   0x00001d    program     static C:\Users\Altgtrmc10\Desktop\Proyectos\P8 - ASM\P8.asm
                      S_2   0x00001f    program     static C:\Users\Altgtrmc10\Desktop\Proyectos\P8 - ASM\P8.asm
                        Y   0x000025    program     static C:\Users\Altgtrmc10\Desktop\Proyectos\P8 - ASM\P8.asm
                     TIME   0x00002b    program     static C:\Users\Altgtrmc10\Desktop\Proyectos\P8 - ASM\P8.asm
                     CONT   0x000031    program     static C:\Users\Altgtrmc10\Desktop\Proyectos\P8 - ASM\P8.asm


