MPLINK 4.42, Linker
Linker Map File - Created Sat Nov 10 23:47:48 2018

                                 Section Info
                  Section       Type    Address   Location Size(Bytes)
                ---------  ---------  ---------  ---------  ---------
                   .org_0       code   0x000000    program   0x000000
                   .org_1       code   0x000000    program   0x000060



                              Program Memory Usage 
                               Start         End      
                           ---------   ---------      
                            0x000000    0x00002f      
            48 out of 8455 program addresses used, program memory utilization is 0%



                              Symbols - Sorted by Name
                     Name    Address   Location    Storage File                     
                ---------  ---------  ---------  --------- ---------                
                    BUCLE   0x00000d    program     static C:\Users\Altgtrmc10\Desktop\Proyectos\Brazo\Stepper.asm
                    DELAY   0x000026    program     static C:\Users\Altgtrmc10\Desktop\Proyectos\Brazo\Stepper.asm
                      DL1   0x000028    program     static C:\Users\Altgtrmc10\Desktop\Proyectos\Brazo\Stepper.asm
                      DL2   0x000029    program     static C:\Users\Altgtrmc10\Desktop\Proyectos\Brazo\Stepper.asm
                   INICIO   0x000001    program     static C:\Users\Altgtrmc10\Desktop\Proyectos\Brazo\Stepper.asm
                    MOTOR   0x000008    program     static C:\Users\Altgtrmc10\Desktop\Proyectos\Brazo\Stepper.asm
                  STEPCCW   0x00001c    program     static C:\Users\Altgtrmc10\Desktop\Proyectos\Brazo\Stepper.asm
                   STEPCW   0x000012    program     static C:\Users\Altgtrmc10\Desktop\Proyectos\Brazo\Stepper.asm



                              Symbols - Sorted by Address
                     Name    Address   Location    Storage File                     
                ---------  ---------  ---------  --------- ---------                
                   INICIO   0x000001    program     static C:\Users\Altgtrmc10\Desktop\Proyectos\Brazo\Stepper.asm
                    MOTOR   0x000008    program     static C:\Users\Altgtrmc10\Desktop\Proyectos\Brazo\Stepper.asm
                    BUCLE   0x00000d    program     static C:\Users\Altgtrmc10\Desktop\Proyectos\Brazo\Stepper.asm
                   STEPCW   0x000012    program     static C:\Users\Altgtrmc10\Desktop\Proyectos\Brazo\Stepper.asm
                  STEPCCW   0x00001c    program     static C:\Users\Altgtrmc10\Desktop\Proyectos\Brazo\Stepper.asm
                    DELAY   0x000026    program     static C:\Users\Altgtrmc10\Desktop\Proyectos\Brazo\Stepper.asm
                      DL1   0x000028    program     static C:\Users\Altgtrmc10\Desktop\Proyectos\Brazo\Stepper.asm
                      DL2   0x000029    program     static C:\Users\Altgtrmc10\Desktop\Proyectos\Brazo\Stepper.asm


