MPLINK 4.42, Linker
Linker Map File - Created Wed Oct 17 17:49:14 2018

                                 Section Info
                  Section       Type    Address   Location Size(Bytes)
                ---------  ---------  ---------  ---------  ---------
                   .org_0       code   0x000000    program   0x000000
                   .org_1       code   0x000000    program   0x000016



                              Program Memory Usage 
                               Start         End      
                           ---------   ---------      
                            0x000000    0x00000a      
            11 out of 8455 program addresses used, program memory utilization is 0%



                              Symbols - Sorted by Name
                     Name    Address   Location    Storage File                     
                ---------  ---------  ---------  --------- ---------                
                    BUCLE   0x000008    program     static C:\Users\Altgtrmc10\Desktop\Proyectos\P1\P1.asm
                   INICIO   0x000001    program     static C:\Users\Altgtrmc10\Desktop\Proyectos\P1\P1.asm



                              Symbols - Sorted by Address
                     Name    Address   Location    Storage File                     
                ---------  ---------  ---------  --------- ---------                
                   INICIO   0x000001    program     static C:\Users\Altgtrmc10\Desktop\Proyectos\P1\P1.asm
                    BUCLE   0x000008    program     static C:\Users\Altgtrmc10\Desktop\Proyectos\P1\P1.asm


