MPLINK 4.42, Linker
Linker Map File - Created Sat Nov 03 00:42:56 2018

                                 Section Info
                  Section       Type    Address   Location Size(Bytes)
                ---------  ---------  ---------  ---------  ---------
                   .org_0       code   0x000000    program   0x000000
                   .org_1       code   0x000000    program   0x00005a



                              Program Memory Usage 
                               Start         End      
                           ---------   ---------      
                            0x000000    0x00002c      
            45 out of 8455 program addresses used, program memory utilization is 0%



                              Symbols - Sorted by Name
                     Name    Address   Location    Storage File                     
                ---------  ---------  ---------  --------- ---------                
                   ANILLO   0x00000c    program     static C:\Users\Altgtrmc10\Desktop\Proyectos\P5\P5.asm
                    BUCLE   0x000009    program     static C:\Users\Altgtrmc10\Desktop\Proyectos\P5\P5.asm
                   CUENTA   0x000026    program     static C:\Users\Altgtrmc10\Desktop\Proyectos\P5\P5.asm
                    DELAY   0x000020    program     static C:\Users\Altgtrmc10\Desktop\Proyectos\P5\P5.asm
                     HALO   0x00000f    program     static C:\Users\Altgtrmc10\Desktop\Proyectos\P5\P5.asm
                   INICIO   0x000001    program     static C:\Users\Altgtrmc10\Desktop\Proyectos\P5\P5.asm
                   JOHNSN   0x000014    program     static C:\Users\Altgtrmc10\Desktop\Proyectos\P5\P5.asm
                  REGRESO   0x00001a    program     static C:\Users\Altgtrmc10\Desktop\Proyectos\P5\P5.asm



                              Symbols - Sorted by Address
                     Name    Address   Location    Storage File                     
                ---------  ---------  ---------  --------- ---------                
                   INICIO   0x000001    program     static C:\Users\Altgtrmc10\Desktop\Proyectos\P5\P5.asm
                    BUCLE   0x000009    program     static C:\Users\Altgtrmc10\Desktop\Proyectos\P5\P5.asm
                   ANILLO   0x00000c    program     static C:\Users\Altgtrmc10\Desktop\Proyectos\P5\P5.asm
                     HALO   0x00000f    program     static C:\Users\Altgtrmc10\Desktop\Proyectos\P5\P5.asm
                   JOHNSN   0x000014    program     static C:\Users\Altgtrmc10\Desktop\Proyectos\P5\P5.asm
                  REGRESO   0x00001a    program     static C:\Users\Altgtrmc10\Desktop\Proyectos\P5\P5.asm
                    DELAY   0x000020    program     static C:\Users\Altgtrmc10\Desktop\Proyectos\P5\P5.asm
                   CUENTA   0x000026    program     static C:\Users\Altgtrmc10\Desktop\Proyectos\P5\P5.asm


