MPLINK 4.42, Linker
Linker Map File - Created Mon Nov 12 12:14:23 2018

                                 Section Info
                  Section       Type    Address   Location Size(Bytes)
                ---------  ---------  ---------  ---------  ---------
                   .org_0       code   0x000000    program   0x000000
                   .org_1       code   0x000000    program   0x000058



                              Program Memory Usage 
                               Start         End      
                           ---------   ---------      
                            0x000000    0x00002b      
            44 out of 8455 program addresses used, program memory utilization is 0%



                              Symbols - Sorted by Name
                     Name    Address   Location    Storage File                     
                ---------  ---------  ---------  --------- ---------                
                    BUCLE   0x00000e    program     static C:\Users\Altgtrmc10\Desktop\Proyectos\P6\P6.asm
                   CONT_1   0x000018    program     static C:\Users\Altgtrmc10\Desktop\Proyectos\P6\P6.asm
                   CONT_2   0x000025    program     static C:\Users\Altgtrmc10\Desktop\Proyectos\P6\P6.asm
                   DELAY1   0x000012    program     static C:\Users\Altgtrmc10\Desktop\Proyectos\P6\P6.asm
                   DELAY2   0x00001f    program     static C:\Users\Altgtrmc10\Desktop\Proyectos\P6\P6.asm
                   ESTADO   0x00000a    program     static C:\Users\Altgtrmc10\Desktop\Proyectos\P6\P6.asm
                   INICIO   0x000001    program     static C:\Users\Altgtrmc10\Desktop\Proyectos\P6\P6.asm



                              Symbols - Sorted by Address
                     Name    Address   Location    Storage File                     
                ---------  ---------  ---------  --------- ---------                
                   INICIO   0x000001    program     static C:\Users\Altgtrmc10\Desktop\Proyectos\P6\P6.asm
                   ESTADO   0x00000a    program     static C:\Users\Altgtrmc10\Desktop\Proyectos\P6\P6.asm
                    BUCLE   0x00000e    program     static C:\Users\Altgtrmc10\Desktop\Proyectos\P6\P6.asm
                   DELAY1   0x000012    program     static C:\Users\Altgtrmc10\Desktop\Proyectos\P6\P6.asm
                   CONT_1   0x000018    program     static C:\Users\Altgtrmc10\Desktop\Proyectos\P6\P6.asm
                   DELAY2   0x00001f    program     static C:\Users\Altgtrmc10\Desktop\Proyectos\P6\P6.asm
                   CONT_2   0x000025    program     static C:\Users\Altgtrmc10\Desktop\Proyectos\P6\P6.asm


